e1 None   256 s100: tr 0.895 te 0.8663 zstd 0.2797 W2 4.8 (19s)
e1 None   512 s100: tr 0.891 te 0.8716 zstd 0.2943 W2 4.4 (19s)
e1 None   768 s100: tr 0.885 te 0.8601 zstd 0.2708 W2 4.3 (18s)
e1 None  1024 s100: tr 0.889 te 0.8742 zstd 0.2908 W2 4.0 (19s)
e1 None  1280 s100: tr 0.888 te 0.8670 zstd 0.2971 W2 4.1 (19s)
e1 None  1536 s100: tr 0.880 te 0.8653 zstd 0.2847 W2 3.9 (18s)
e1 None  1792 s100: tr 0.888 te 0.8716 zstd 0.2900 W2 4.3 (18s)
e1 None  2048 s100: tr 0.893 te 0.8742 zstd 0.3191 W2 4.5 (21s)
e1 AD     256 s100: tr 0.899 te 0.8722 zstd 0.0260 W2 4.2 (101s)
e1 AD     512 s100: tr 0.898 te 0.8762 zstd 0.0545 W2 5.1 (100s)
e1 AD     768 s100: tr 0.909 te 0.8693 zstd 0.0440 W2 4.8 (109s)
e1 AD    1024 s100: tr 0.894 te 0.8792 zstd 0.0354 W2 4.4 (106s)
e1 AD    1280 s100: tr 0.891 te 0.8821 zstd 0.0420 W2 3.8 (107s)
e1 AD    1536 s100: tr 0.895 te 0.8713 zstd 0.0334 W2 4.1 (122s)
e1 AD    1792 s100: tr 0.889 te 0.8801 zstd 0.0542 W2 4.4 (115s)
e1 AD    2048 s100: tr 0.896 te 0.8811 zstd 0.0396 W2 4.8 (115s)
e1 Pauli  256 s100: tr 0.891 te 0.8680 zstd 0.0018 W2 4.9 (204s)
e1 Pauli  512 s100: tr 0.896 te 0.8663 zstd 0.0028 W2 4.1 (204s)
e1 Pauli  768 s100: tr 0.892 te 0.8769 zstd 0.0023 W2 4.2 (174s)
e1 Pauli 1024 s100: tr 0.892 te 0.8706 zstd 0.0024 W2 3.9 (166s)
e1 Pauli 1280 s100: tr 0.899 te 0.8706 zstd 0.0021 W2 4.1 (160s)
e1 Pauli 1536 s100: tr 0.892 te 0.8745 zstd 0.0022 W2 4.2 (159s)
e1 Pauli 1792 s100: tr 0.882 te 0.8548 zstd 0.0021 W2 4.0 (175s)
e1 Pauli 2048 s100: tr 0.880 te 0.8755 zstd 0.0026 W2 4.1 (166s)
e1 Depol  256 s100: tr 0.901 te 0.8765 zstd 0.0024 W2 4.6 (167s)
e1 Depol  512 s100: tr 0.884 te 0.8627 zstd 0.0024 W2 4.3 (171s)
e1 Depol  768 s100: tr 0.879 te 0.8699 zstd 0.0028 W2 4.1 (130s)
e1 Depol 1024 s100: tr 0.894 te 0.8663 zstd 0.0032 W2 3.8 (168s)
e1 Depol 1280 s100: tr 0.895 te 0.8683 zstd 0.0021 W2 4.2 (153s)
e1 Depol 1536 s100: tr 0.889 te 0.8719 zstd 0.0031 W2 4.3 (160s)
e1 Depol 1792 s100: tr 0.882 te 0.8689 zstd 0.0029 W2 3.9 (158s)
e1 Depol 2048 s100: tr 0.892 te 0.8732 zstd 0.0028 W2 4.5 (168s)
SCALE_DONE e1 ['None', 'AD', 'Pauli', 'Depol']
